
> luis-perez-real-estate@0.1.0 build
> next build

▲ Next.js 16.1.4 (Turbopack)
- Environments: .env.local

⚠ The "middleware" file convention is deprecated. Please use "proxy" instead. Learn more: https://nextjs.org/docs/messages/middleware-to-proxy
  Creating an optimized production build ...
✓ Compiled successfully in 5.7s
  Running TypeScript ...
  Collecting page data using 7 workers ...
Error: supabaseKey is required.
    at new ij (.next/server/chunks/[root-of-the-server]__04492eee._.js:37:43241)
    at module evaluation (.next/server/chunks/[root-of-the-server]__04492eee._.js:37:47526)
    at instantiateModule (.next/server/chunks/[turbopack]_runtime.js:740:9)
    at instantiateRuntimeModule (.next/server/chunks/[turbopack]_runtime.js:768:12)
    at getOrInstantiateRuntimeModule (.next/server/chunks/[turbopack]_runtime.js:781:12)
    at Object.m (.next/server/chunks/[turbopack]_runtime.js:790:18)
    at Object.<anonymous> (.next/server/app/api/webhooks/transaction/route.js:6:3)

> Build error occurred
Error: Failed to collect page data for /api/webhooks/transaction
    at ignore-listed frames {
  type: 'Error'
}
